Reporting 1 scan chain (muxed_scan)
 
Chain 1: chain1 
  scan_in:      scan_in 
  scan_out:     scan_out   
  shift_enable: scan_en (active high) 
  clock_domain: clk_test (edge: rise)
  length: 296
    bit 1 	A_reg[0]  <clk (rise)>  
    bit 2 	A_reg[1]  <clk (rise)>  
    bit 3 	A_reg[2]  <clk (rise)>  
    bit 4 	A_reg[3]  <clk (rise)>  
    bit 5 	A_reg[4]  <clk (rise)>  
    bit 6 	A_reg[5]  <clk (rise)>  
    bit 7 	A_reg[6]  <clk (rise)>  
    bit 8 	A_reg[7]  <clk (rise)>  
    bit 9 	IR_reg[0]  <clk (rise)>  
    bit 10 	IR_reg[1]  <clk (rise)>  
    bit 11 	IR_reg[2]  <clk (rise)>  
    bit 12 	IR_reg[3]  <clk (rise)>  
    bit 13 	IR_reg[4]  <clk (rise)>  
    bit 14 	IR_reg[5]  <clk (rise)>  
    bit 15 	IR_reg[6]  <clk (rise)>  
    bit 16 	IR_reg[7]  <clk (rise)>  
    bit 17 	PC_reg[0]  <clk (rise)>  
    bit 18 	PC_reg[1]  <clk (rise)>  
    bit 19 	PC_reg[2]  <clk (rise)>  
    bit 20 	PC_reg[3]  <clk (rise)>  
    bit 21 	PC_reg[4]  <clk (rise)>  
    bit 22 	alu_b_reg[0]  <clk (rise)>  
    bit 23 	alu_b_reg[1]  <clk (rise)>  
    bit 24 	alu_b_reg[2]  <clk (rise)>  
    bit 25 	alu_b_reg[3]  <clk (rise)>  
    bit 26 	alu_b_reg[4]  <clk (rise)>  
    bit 27 	alu_b_reg[5]  <clk (rise)>  
    bit 28 	alu_b_reg[6]  <clk (rise)>  
    bit 29 	alu_b_reg[7]  <clk (rise)>  
    bit 30 	alu_op_reg[0]  <clk (rise)>  
    bit 31 	alu_op_reg[1]  <clk (rise)>  
    bit 32 	alu_op_reg[2]  <clk (rise)>  
    bit 33 	halted_reg  <clk (rise)>  
    bit 34 	memory_reg[0][0]  <clk (rise)>  
    bit 35 	memory_reg[0][1]  <clk (rise)>  
    bit 36 	memory_reg[0][2]  <clk (rise)>  
    bit 37 	memory_reg[0][3]  <clk (rise)>  
    bit 38 	memory_reg[0][4]  <clk (rise)>  
    bit 39 	memory_reg[0][5]  <clk (rise)>  
    bit 40 	memory_reg[0][6]  <clk (rise)>  
    bit 41 	memory_reg[0][7]  <clk (rise)>  
    bit 42 	memory_reg[1][0]  <clk (rise)>  
    bit 43 	memory_reg[1][1]  <clk (rise)>  
    bit 44 	memory_reg[1][2]  <clk (rise)>  
    bit 45 	memory_reg[1][3]  <clk (rise)>  
    bit 46 	memory_reg[1][4]  <clk (rise)>  
    bit 47 	memory_reg[1][5]  <clk (rise)>  
    bit 48 	memory_reg[1][6]  <clk (rise)>  
    bit 49 	memory_reg[1][7]  <clk (rise)>  
    bit 50 	memory_reg[2][0]  <clk (rise)>  
    bit 51 	memory_reg[2][1]  <clk (rise)>  
    bit 52 	memory_reg[2][2]  <clk (rise)>  
    bit 53 	memory_reg[2][3]  <clk (rise)>  
    bit 54 	memory_reg[2][4]  <clk (rise)>  
    bit 55 	memory_reg[2][5]  <clk (rise)>  
    bit 56 	memory_reg[2][6]  <clk (rise)>  
    bit 57 	memory_reg[2][7]  <clk (rise)>  
    bit 58 	memory_reg[3][0]  <clk (rise)>  
    bit 59 	memory_reg[3][1]  <clk (rise)>  
    bit 60 	memory_reg[3][2]  <clk (rise)>  
    bit 61 	memory_reg[3][3]  <clk (rise)>  
    bit 62 	memory_reg[3][4]  <clk (rise)>  
    bit 63 	memory_reg[3][5]  <clk (rise)>  
    bit 64 	memory_reg[3][6]  <clk (rise)>  
    bit 65 	memory_reg[3][7]  <clk (rise)>  
    bit 66 	memory_reg[4][0]  <clk (rise)>  
    bit 67 	memory_reg[4][1]  <clk (rise)>  
    bit 68 	memory_reg[4][2]  <clk (rise)>  
    bit 69 	memory_reg[4][3]  <clk (rise)>  
    bit 70 	memory_reg[4][4]  <clk (rise)>  
    bit 71 	memory_reg[4][5]  <clk (rise)>  
    bit 72 	memory_reg[4][6]  <clk (rise)>  
    bit 73 	memory_reg[4][7]  <clk (rise)>  
    bit 74 	memory_reg[5][0]  <clk (rise)>  
    bit 75 	memory_reg[5][1]  <clk (rise)>  
    bit 76 	memory_reg[5][2]  <clk (rise)>  
    bit 77 	memory_reg[5][3]  <clk (rise)>  
    bit 78 	memory_reg[5][4]  <clk (rise)>  
    bit 79 	memory_reg[5][5]  <clk (rise)>  
    bit 80 	memory_reg[5][6]  <clk (rise)>  
    bit 81 	memory_reg[5][7]  <clk (rise)>  
    bit 82 	memory_reg[6][0]  <clk (rise)>  
    bit 83 	memory_reg[6][1]  <clk (rise)>  
    bit 84 	memory_reg[6][2]  <clk (rise)>  
    bit 85 	memory_reg[6][3]  <clk (rise)>  
    bit 86 	memory_reg[6][4]  <clk (rise)>  
    bit 87 	memory_reg[6][5]  <clk (rise)>  
    bit 88 	memory_reg[6][6]  <clk (rise)>  
    bit 89 	memory_reg[6][7]  <clk (rise)>  
    bit 90 	memory_reg[7][0]  <clk (rise)>  
    bit 91 	memory_reg[7][1]  <clk (rise)>  
    bit 92 	memory_reg[7][2]  <clk (rise)>  
    bit 93 	memory_reg[7][3]  <clk (rise)>  
    bit 94 	memory_reg[7][4]  <clk (rise)>  
    bit 95 	memory_reg[7][5]  <clk (rise)>  
    bit 96 	memory_reg[7][6]  <clk (rise)>  
    bit 97 	memory_reg[7][7]  <clk (rise)>  
    bit 98 	memory_reg[8][0]  <clk (rise)>  
    bit 99 	memory_reg[8][1]  <clk (rise)>  
    bit 100 	memory_reg[8][2]  <clk (rise)>  
    bit 101 	memory_reg[8][3]  <clk (rise)>  
    bit 102 	memory_reg[8][4]  <clk (rise)>  
    bit 103 	memory_reg[8][5]  <clk (rise)>  
    bit 104 	memory_reg[8][6]  <clk (rise)>  
    bit 105 	memory_reg[8][7]  <clk (rise)>  
    bit 106 	memory_reg[9][0]  <clk (rise)>  
    bit 107 	memory_reg[9][1]  <clk (rise)>  
    bit 108 	memory_reg[9][2]  <clk (rise)>  
    bit 109 	memory_reg[9][3]  <clk (rise)>  
    bit 110 	memory_reg[9][4]  <clk (rise)>  
    bit 111 	memory_reg[9][5]  <clk (rise)>  
    bit 112 	memory_reg[9][6]  <clk (rise)>  
    bit 113 	memory_reg[9][7]  <clk (rise)>  
    bit 114 	memory_reg[10][0]  <clk (rise)>  
    bit 115 	memory_reg[10][1]  <clk (rise)>  
    bit 116 	memory_reg[10][2]  <clk (rise)>  
    bit 117 	memory_reg[10][3]  <clk (rise)>  
    bit 118 	memory_reg[10][4]  <clk (rise)>  
    bit 119 	memory_reg[10][5]  <clk (rise)>  
    bit 120 	memory_reg[10][6]  <clk (rise)>  
    bit 121 	memory_reg[10][7]  <clk (rise)>  
    bit 122 	memory_reg[11][0]  <clk (rise)>  
    bit 123 	memory_reg[11][1]  <clk (rise)>  
    bit 124 	memory_reg[11][2]  <clk (rise)>  
    bit 125 	memory_reg[11][3]  <clk (rise)>  
    bit 126 	memory_reg[11][4]  <clk (rise)>  
    bit 127 	memory_reg[11][5]  <clk (rise)>  
    bit 128 	memory_reg[11][6]  <clk (rise)>  
    bit 129 	memory_reg[11][7]  <clk (rise)>  
    bit 130 	memory_reg[12][0]  <clk (rise)>  
    bit 131 	memory_reg[12][1]  <clk (rise)>  
    bit 132 	memory_reg[12][2]  <clk (rise)>  
    bit 133 	memory_reg[12][3]  <clk (rise)>  
    bit 134 	memory_reg[12][4]  <clk (rise)>  
    bit 135 	memory_reg[12][5]  <clk (rise)>  
    bit 136 	memory_reg[12][6]  <clk (rise)>  
    bit 137 	memory_reg[12][7]  <clk (rise)>  
    bit 138 	memory_reg[13][0]  <clk (rise)>  
    bit 139 	memory_reg[13][1]  <clk (rise)>  
    bit 140 	memory_reg[13][2]  <clk (rise)>  
    bit 141 	memory_reg[13][3]  <clk (rise)>  
    bit 142 	memory_reg[13][4]  <clk (rise)>  
    bit 143 	memory_reg[13][5]  <clk (rise)>  
    bit 144 	memory_reg[13][6]  <clk (rise)>  
    bit 145 	memory_reg[13][7]  <clk (rise)>  
    bit 146 	memory_reg[14][0]  <clk (rise)>  
    bit 147 	memory_reg[14][1]  <clk (rise)>  
    bit 148 	memory_reg[14][2]  <clk (rise)>  
    bit 149 	memory_reg[14][3]  <clk (rise)>  
    bit 150 	memory_reg[14][4]  <clk (rise)>  
    bit 151 	memory_reg[14][5]  <clk (rise)>  
    bit 152 	memory_reg[14][6]  <clk (rise)>  
    bit 153 	memory_reg[14][7]  <clk (rise)>  
    bit 154 	memory_reg[15][0]  <clk (rise)>  
    bit 155 	memory_reg[15][1]  <clk (rise)>  
    bit 156 	memory_reg[15][2]  <clk (rise)>  
    bit 157 	memory_reg[15][3]  <clk (rise)>  
    bit 158 	memory_reg[15][4]  <clk (rise)>  
    bit 159 	memory_reg[15][5]  <clk (rise)>  
    bit 160 	memory_reg[15][6]  <clk (rise)>  
    bit 161 	memory_reg[15][7]  <clk (rise)>  
    bit 162 	memory_reg[16][0]  <clk (rise)>  
    bit 163 	memory_reg[16][1]  <clk (rise)>  
    bit 164 	memory_reg[16][2]  <clk (rise)>  
    bit 165 	memory_reg[16][3]  <clk (rise)>  
    bit 166 	memory_reg[16][4]  <clk (rise)>  
    bit 167 	memory_reg[16][5]  <clk (rise)>  
    bit 168 	memory_reg[16][6]  <clk (rise)>  
    bit 169 	memory_reg[16][7]  <clk (rise)>  
    bit 170 	memory_reg[17][0]  <clk (rise)>  
    bit 171 	memory_reg[17][1]  <clk (rise)>  
    bit 172 	memory_reg[17][2]  <clk (rise)>  
    bit 173 	memory_reg[17][3]  <clk (rise)>  
    bit 174 	memory_reg[17][4]  <clk (rise)>  
    bit 175 	memory_reg[17][5]  <clk (rise)>  
    bit 176 	memory_reg[17][6]  <clk (rise)>  
    bit 177 	memory_reg[17][7]  <clk (rise)>  
    bit 178 	memory_reg[18][0]  <clk (rise)>  
    bit 179 	memory_reg[18][1]  <clk (rise)>  
    bit 180 	memory_reg[18][2]  <clk (rise)>  
    bit 181 	memory_reg[18][3]  <clk (rise)>  
    bit 182 	memory_reg[18][4]  <clk (rise)>  
    bit 183 	memory_reg[18][5]  <clk (rise)>  
    bit 184 	memory_reg[18][6]  <clk (rise)>  
    bit 185 	memory_reg[18][7]  <clk (rise)>  
    bit 186 	memory_reg[19][0]  <clk (rise)>  
    bit 187 	memory_reg[19][1]  <clk (rise)>  
    bit 188 	memory_reg[19][2]  <clk (rise)>  
    bit 189 	memory_reg[19][3]  <clk (rise)>  
    bit 190 	memory_reg[19][4]  <clk (rise)>  
    bit 191 	memory_reg[19][5]  <clk (rise)>  
    bit 192 	memory_reg[19][6]  <clk (rise)>  
    bit 193 	memory_reg[19][7]  <clk (rise)>  
    bit 194 	memory_reg[20][0]  <clk (rise)>  
    bit 195 	memory_reg[20][1]  <clk (rise)>  
    bit 196 	memory_reg[20][2]  <clk (rise)>  
    bit 197 	memory_reg[20][3]  <clk (rise)>  
    bit 198 	memory_reg[20][4]  <clk (rise)>  
    bit 199 	memory_reg[20][5]  <clk (rise)>  
    bit 200 	memory_reg[20][6]  <clk (rise)>  
    bit 201 	memory_reg[20][7]  <clk (rise)>  
    bit 202 	memory_reg[21][0]  <clk (rise)>  
    bit 203 	memory_reg[21][1]  <clk (rise)>  
    bit 204 	memory_reg[21][2]  <clk (rise)>  
    bit 205 	memory_reg[21][3]  <clk (rise)>  
    bit 206 	memory_reg[21][4]  <clk (rise)>  
    bit 207 	memory_reg[21][5]  <clk (rise)>  
    bit 208 	memory_reg[21][6]  <clk (rise)>  
    bit 209 	memory_reg[21][7]  <clk (rise)>  
    bit 210 	memory_reg[22][0]  <clk (rise)>  
    bit 211 	memory_reg[22][1]  <clk (rise)>  
    bit 212 	memory_reg[22][2]  <clk (rise)>  
    bit 213 	memory_reg[22][3]  <clk (rise)>  
    bit 214 	memory_reg[22][4]  <clk (rise)>  
    bit 215 	memory_reg[22][5]  <clk (rise)>  
    bit 216 	memory_reg[22][6]  <clk (rise)>  
    bit 217 	memory_reg[22][7]  <clk (rise)>  
    bit 218 	memory_reg[23][0]  <clk (rise)>  
    bit 219 	memory_reg[23][1]  <clk (rise)>  
    bit 220 	memory_reg[23][2]  <clk (rise)>  
    bit 221 	memory_reg[23][3]  <clk (rise)>  
    bit 222 	memory_reg[23][4]  <clk (rise)>  
    bit 223 	memory_reg[23][5]  <clk (rise)>  
    bit 224 	memory_reg[23][6]  <clk (rise)>  
    bit 225 	memory_reg[23][7]  <clk (rise)>  
    bit 226 	memory_reg[24][0]  <clk (rise)>  
    bit 227 	memory_reg[24][1]  <clk (rise)>  
    bit 228 	memory_reg[24][2]  <clk (rise)>  
    bit 229 	memory_reg[24][3]  <clk (rise)>  
    bit 230 	memory_reg[24][4]  <clk (rise)>  
    bit 231 	memory_reg[24][5]  <clk (rise)>  
    bit 232 	memory_reg[24][6]  <clk (rise)>  
    bit 233 	memory_reg[24][7]  <clk (rise)>  
    bit 234 	memory_reg[25][0]  <clk (rise)>  
    bit 235 	memory_reg[25][1]  <clk (rise)>  
    bit 236 	memory_reg[25][2]  <clk (rise)>  
    bit 237 	memory_reg[25][3]  <clk (rise)>  
    bit 238 	memory_reg[25][4]  <clk (rise)>  
    bit 239 	memory_reg[25][5]  <clk (rise)>  
    bit 240 	memory_reg[25][6]  <clk (rise)>  
    bit 241 	memory_reg[25][7]  <clk (rise)>  
    bit 242 	memory_reg[26][0]  <clk (rise)>  
    bit 243 	memory_reg[26][1]  <clk (rise)>  
    bit 244 	memory_reg[26][2]  <clk (rise)>  
    bit 245 	memory_reg[26][3]  <clk (rise)>  
    bit 246 	memory_reg[26][4]  <clk (rise)>  
    bit 247 	memory_reg[26][5]  <clk (rise)>  
    bit 248 	memory_reg[26][6]  <clk (rise)>  
    bit 249 	memory_reg[26][7]  <clk (rise)>  
    bit 250 	memory_reg[27][0]  <clk (rise)>  
    bit 251 	memory_reg[27][1]  <clk (rise)>  
    bit 252 	memory_reg[27][2]  <clk (rise)>  
    bit 253 	memory_reg[27][3]  <clk (rise)>  
    bit 254 	memory_reg[27][4]  <clk (rise)>  
    bit 255 	memory_reg[27][5]  <clk (rise)>  
    bit 256 	memory_reg[27][6]  <clk (rise)>  
    bit 257 	memory_reg[27][7]  <clk (rise)>  
    bit 258 	memory_reg[28][0]  <clk (rise)>  
    bit 259 	memory_reg[28][1]  <clk (rise)>  
    bit 260 	memory_reg[28][2]  <clk (rise)>  
    bit 261 	memory_reg[28][3]  <clk (rise)>  
    bit 262 	memory_reg[28][4]  <clk (rise)>  
    bit 263 	memory_reg[28][5]  <clk (rise)>  
    bit 264 	memory_reg[28][6]  <clk (rise)>  
    bit 265 	memory_reg[28][7]  <clk (rise)>  
    bit 266 	memory_reg[29][0]  <clk (rise)>  
    bit 267 	memory_reg[29][1]  <clk (rise)>  
    bit 268 	memory_reg[29][2]  <clk (rise)>  
    bit 269 	memory_reg[29][3]  <clk (rise)>  
    bit 270 	memory_reg[29][4]  <clk (rise)>  
    bit 271 	memory_reg[29][5]  <clk (rise)>  
    bit 272 	memory_reg[29][6]  <clk (rise)>  
    bit 273 	memory_reg[29][7]  <clk (rise)>  
    bit 274 	memory_reg[30][0]  <clk (rise)>  
    bit 275 	memory_reg[30][1]  <clk (rise)>  
    bit 276 	memory_reg[30][2]  <clk (rise)>  
    bit 277 	memory_reg[30][3]  <clk (rise)>  
    bit 278 	memory_reg[30][4]  <clk (rise)>  
    bit 279 	memory_reg[30][5]  <clk (rise)>  
    bit 280 	memory_reg[30][6]  <clk (rise)>  
    bit 281 	memory_reg[30][7]  <clk (rise)>  
    bit 282 	memory_reg[31][0]  <clk (rise)>  
    bit 283 	memory_reg[31][1]  <clk (rise)>  
    bit 284 	memory_reg[31][2]  <clk (rise)>  
    bit 285 	memory_reg[31][3]  <clk (rise)>  
    bit 286 	memory_reg[31][4]  <clk (rise)>  
    bit 287 	memory_reg[31][5]  <clk (rise)>  
    bit 288 	memory_reg[31][6]  <clk (rise)>  
    bit 289 	memory_reg[31][7]  <clk (rise)>  
    bit 290 	next_pc_reg[0]  <clk (rise)>  
    bit 291 	next_pc_reg[1]  <clk (rise)>  
    bit 292 	next_pc_reg[2]  <clk (rise)>  
    bit 293 	next_pc_reg[3]  <clk (rise)>  
    bit 294 	next_pc_reg[4]  <clk (rise)>  
    bit 295 	state_reg[0]  <clk (rise)>  
    bit 296 	state_reg[1]  <clk (rise)>  
------------------------

